// Vitest Snapshot v1, https://vitest.dev/guide/snapshot.html

exports[`NostoSimpleCampaign > should render in carousel mode when specified 1`] = `
"<div class="nosto-simple-campaign nosto-carousel"><div class="nosto-carousel-container"><div class="nosto-product-card">
        <div class="nosto-product-image">
          <img src="https://example.com/carousel.jpg" alt="Carousel Product">
        </div>
        <div class="nosto-product-info">
          <h3 class="nosto-product-title">Carousel Product</h3>
          <div class="nosto-product-price">$39.99</div>
        </div>
      </div></div></div>"
`;

exports[`NostoSimpleCampaign > should render in grid mode by default 1`] = `
"<div class="nosto-simple-campaign nosto-grid"><div class="nosto-grid-container"><div class="nosto-product-card">
        <div class="nosto-product-image">
          <img src="https://example.com/image1.jpg" alt="Test Product 1">
        </div>
        <div class="nosto-product-info">
          <h3 class="nosto-product-title">Test Product 1</h3>
          <div class="nosto-product-price">$19.99</div>
        </div>
      </div><div class="nosto-product-card">
        <div class="nosto-product-image">
          <img src="https://example.com/image2.jpg" alt="Test Product 2">
        </div>
        <div class="nosto-product-info">
          <h3 class="nosto-product-title">Test Product 2</h3>
          <div class="nosto-product-price">$29.99</div>
        </div>
      </div></div></div>"
`;
